Copyright 1986-2015 Xilinx, Inc. All Rights Reserved.
---------------------------------------------------------------------------------------------------------------------------------------
| Tool Version : Vivado v.2015.1 (win64) Build 1215546 Mon Apr 27 19:22:08 MDT 2015
| Date         : Fri Apr 22 12:38:37 2016
| Host         : wayne_lab running 64-bit major release  (build 9200)
| Command      : report_utilization -file data_acquis_controller_utilization_synth.rpt -pb data_acquis_controller_utilization_synth.pb
| Design       : data_acquis_controller
| Device       : xc7z020
| Design State : Synthesized
---------------------------------------------------------------------------------------------------------------------------------------

Utilization Design Information

Table of Contents
-----------------
1. Slice Logic
1.1 Summary of Registers by Type
2. Memory
3. DSP
4. IO and GT Specific
5. Clocking
6. Specific Feature
7. Primitives
8. Black Boxes
9. Instantiated Netlists

1. Slice Logic
--------------

+----------------------------+------+-------+-----------+-------+
|          Site Type         | Used | Fixed | Available | Util% |
+----------------------------+------+-------+-----------+-------+
| Slice LUTs*                | 5032 |     0 |     53200 |  9.46 |
|   LUT as Logic             | 4683 |     0 |     53200 |  8.80 |
|   LUT as Memory            |  349 |     0 |     17400 |  2.01 |
|     LUT as Distributed RAM |  276 |     0 |           |       |
|     LUT as Shift Register  |   73 |     0 |           |       |
| Slice Registers            | 4715 |    19 |    106400 |  4.43 |
|   Register as Flip Flop    | 4715 |    19 |    106400 |  4.43 |
|   Register as Latch        |    0 |     0 |    106400 |  0.00 |
| F7 Muxes                   |   46 |     0 |     26600 |  0.17 |
| F8 Muxes                   |    0 |     0 |     13300 |  0.00 |
+----------------------------+------+-------+-----------+-------+
* Warning! The Final LUT count, after physical optimizations and full implementation, is typically lower. Run opt_design after synthesis, if not already completed, for a more realistic count.


1.1 Summary of Registers by Type
--------------------------------

+-------+--------------+-------------+--------------+
| Total | Clock Enable | Synchronous | Asynchronous |
+-------+--------------+-------------+--------------+
| 0     |            _ |           - |            - |
| 0     |            _ |           - |          Set |
| 0     |            _ |           - |        Reset |
| 0     |            _ |         Set |            - |
| 0     |            _ |       Reset |            - |
| 0     |          Yes |           - |            - |
| 0     |          Yes |           - |          Set |
| 14    |          Yes |           - |        Reset |
| 260   |          Yes |         Set |            - |
| 4441  |          Yes |       Reset |            - |
+-------+--------------+-------------+--------------+


2. Memory
---------

+-------------------+------+-------+-----------+-------+
|     Site Type     | Used | Fixed | Available | Util% |
+-------------------+------+-------+-----------+-------+
| Block RAM Tile    |  1.5 |     0 |       140 |  1.07 |
|   RAMB36/FIFO*    |    0 |     0 |       140 |  0.00 |
|   RAMB18          |    3 |     0 |       280 |  1.07 |
|     RAMB18E1 only |    3 |       |           |       |
+-------------------+------+-------+-----------+-------+
* Note: Each Block RAM Tile only has one FIFO logic available and therefore can accommodate only one FIFO36E1 or one FIFO18E1. However, if a FIFO18E1 occupies a Block RAM Tile, that tile can still accommodate a RAMB18E1


3. DSP
------

+-----------+------+-------+-----------+-------+
| Site Type | Used | Fixed | Available | Util% |
+-----------+------+-------+-----------+-------+
| DSPs      |    0 |     0 |       220 |  0.00 |
+-----------+------+-------+-----------+-------+


4. IO and GT Specific
---------------------

+-----------------------------+------+-------+-----------+-------+
|          Site Type          | Used | Fixed | Available | Util% |
+-----------------------------+------+-------+-----------+-------+
| Bonded IOB                  |  101 |     0 |       200 | 50.50 |
| Bonded IPADs                |    0 |     0 |         2 |  0.00 |
| Bonded IOPADs               |    0 |     0 |       130 |  0.00 |
| PHY_CONTROL                 |    0 |     0 |         4 |  0.00 |
| PHASER_REF                  |    0 |     0 |         4 |  0.00 |
| OUT_FIFO                    |    0 |     0 |        16 |  0.00 |
| IN_FIFO                     |    0 |     0 |        16 |  0.00 |
| IDELAYCTRL                  |    0 |     0 |         4 |  0.00 |
| IBUFGDS                     |    0 |     0 |       192 |  0.00 |
| PHASER_OUT/PHASER_OUT_PHY   |    0 |     0 |        16 |  0.00 |
| PHASER_IN/PHASER_IN_PHY     |    0 |     0 |        16 |  0.00 |
| IDELAYE2/IDELAYE2_FINEDELAY |    0 |     0 |       200 |  0.00 |
| ILOGIC                      |    0 |     0 |       200 |  0.00 |
| OLOGIC                      |    0 |     0 |       200 |  0.00 |
+-----------------------------+------+-------+-----------+-------+


5. Clocking
-----------

+------------+------+-------+-----------+-------+
|  Site Type | Used | Fixed | Available | Util% |
+------------+------+-------+-----------+-------+
| BUFGCTRL   |    4 |     0 |        32 | 12.50 |
| BUFIO      |    0 |     0 |        16 |  0.00 |
| MMCME2_ADV |    0 |     0 |         4 |  0.00 |
| PLLE2_ADV  |    1 |     0 |         4 | 25.00 |
| BUFMRCE    |    0 |     0 |         8 |  0.00 |
| BUFHCE     |    0 |     0 |        72 |  0.00 |
| BUFR       |    0 |     0 |        16 |  0.00 |
+------------+------+-------+-----------+-------+


6. Specific Feature
-------------------

+-------------+------+-------+-----------+-------+
|  Site Type  | Used | Fixed | Available | Util% |
+-------------+------+-------+-----------+-------+
| BSCANE2     |    0 |     0 |         4 |  0.00 |
| CAPTUREE2   |    0 |     0 |         1 |  0.00 |
| DNA_PORT    |    0 |     0 |         1 |  0.00 |
| EFUSE_USR   |    0 |     0 |         1 |  0.00 |
| FRAME_ECCE2 |    0 |     0 |         1 |  0.00 |
| ICAPE2      |    0 |     0 |         2 |  0.00 |
| STARTUPE2   |    0 |     0 |         1 |  0.00 |
| XADC        |    0 |     0 |         1 |  0.00 |
+-------------+------+-------+-----------+-------+


7. Primitives
-------------

+-----------+------+----------------------+
|  Ref Name | Used |  Functional Category |
+-----------+------+----------------------+
| FDRE      | 4441 |         Flop & Latch |
| LUT6      | 1343 |                  LUT |
| LUT3      | 1081 |                  LUT |
| LUT4      |  740 |                  LUT |
| LUT5      |  739 |                  LUT |
| LUT1      |  679 |                  LUT |
| LUT2      |  485 |                  LUT |
| CARRY4    |  282 |           CarryLogic |
| FDSE      |  260 |         Flop & Latch |
| RAMD64E   |  176 |   Distributed Memory |
| BIBUF     |  130 |                   IO |
| RAMD32    |   84 |   Distributed Memory |
| IBUF      |   67 |                   IO |
| RAMS32    |   64 |   Distributed Memory |
| OBUFT     |   62 |                   IO |
| SRLC32E   |   47 |   Distributed Memory |
| MUXF7     |   46 |                MuxFx |
| OBUF      |   31 |                   IO |
| SRL16E    |   26 |   Distributed Memory |
| FDCE      |   14 |         Flop & Latch |
| BUFG      |    4 |                Clock |
| RAMB18E1  |    3 |         Block Memory |
| PULLUP    |    2 |                  I/O |
| PS7       |    1 | Specialized Resource |
| PLLE2_ADV |    1 |                Clock |
+-----------+------+----------------------+


8. Black Boxes
--------------

+-------------+------+
|   Ref Name  | Used |
+-------------+------+
| fifo_32x512 |    3 |
| fifo_8x2048 |    2 |
| vga_fifo    |    1 |
| vga_fifo    |    1 |
+-------------+------+


9. Instantiated Netlists
------------------------

+---------------+------+
|    Ref Name   | Used |
+---------------+------+
| xillyvga_core |    1 |
| xillybus_lite |    1 |
| xillybus_core |    1 |
+---------------+------+


